Nothing to build in platform 'design_1_wrapper'

17:46:48 **** Incremental Build of configuration Debug for project pattern_v2 ****
make all 
make --no-print-directory pre-build
a9-linaro-pre-build-step
' '
make --no-print-directory main-build
'Building file: ../src/vdma_my_api.c'
'Invoking: ARM v7 gcc compiler'
arm-none-eabi-gcc -Wall -O0 -g3 -c -fmessage-length=0 -MT"src/vdma_my_api.o" -mcpu=cortex-a9 -mfpu=vfpv3 -mfloat-abi=hard -IC:/Vitis_projects/2022_1/test_hdmi_pattern/design_1_wrapper/export/design_1_wrapper/sw/design_1_wrapper/standalone_ps7_cortexa9_0/bspinclude/include -MMD -MP -MF"src/vdma_my_api.d" -MT"src/vdma_my_api.o" -o "src/vdma_my_api.o" "../src/vdma_my_api.c"
../src/vdma_my_api.c: In function 'start_dma_cust':
../src/vdma_my_api.c:309:1: warning: control reaches end of non-void function [-Wreturn-type]
  309 | }
      | ^
'Finished building: ../src/vdma_my_api.c'
' '
'Building target: pattern_v2.elf'
'Invoking: ARM v7 gcc linker'
arm-none-eabi-gcc -mcpu=cortex-a9 -mfpu=vfpv3 -mfloat-abi=hard -Wl,-build-id=none -specs=Xilinx.spec -Wl,-T -Wl,../src/lscript.ld -LC:/Vitis_projects/2022_1/test_hdmi_pattern/design_1_wrapper/export/design_1_wrapper/sw/design_1_wrapper/standalone_ps7_cortexa9_0/bsplib/lib -o "pattern_v2.elf"  ./src/helloworld.o ./src/platform.o ./src/vdma_my_api.o   -Wl,--start-group,-lxil,-lgcc,-lc,--end-group
'Finished building target: pattern_v2.elf'
' '
'Invoking: ARM v7 Print Size'
arm-none-eabi-size pattern_v2.elf  |tee "pattern_v2.elf.size"
   text	   data	    bss	    dec	    hex	filename
  46398	   2088	  25488	  73974	  120f6	pattern_v2.elf
'Finished building: pattern_v2.elf.size'
' '
17:46:48 **** Incremental Build of configuration Debug for project pattern_v2_system ****
make all 
Generating bif file for the system project
generate_system_bif.bat 58888 C:/Vitis_projects/2022_1/test_hdmi_pattern/design_1_wrapper/export/design_1_wrapper/design_1_wrapper.xpfm standalone_ps7_cortexa9_0 C:/Vitis_projects/2022_1/test_hdmi_pattern/pattern_v2_system/Debug/system.bif
sdcard_gen --xpfm C:/Vitis_projects/2022_1/test_hdmi_pattern/design_1_wrapper/export/design_1_wrapper/design_1_wrapper.xpfm --sys_config design_1_wrapper --bif C:/Vitis_projects/2022_1/test_hdmi_pattern/pattern_v2_system/Debug/system.bif --bitstream C:/Vitis_projects/2022_1/test_hdmi_pattern/pattern_v2/_ide/bitstream/design_1_wrapper_2_buffer_vdma_v1.bit --elf C:/Vitis_projects/2022_1/test_hdmi_pattern/pattern_v2/Debug/pattern_v2.elf,ps7_cortexa9_0
creating BOOT.BIN using C:/Vitis_projects/2022_1/test_hdmi_pattern/pattern_v2/_ide/bitstream/design_1_wrapper_2_buffer_vdma_v1.bit
Running C:/Xilinx/Vitis/2022.1/bin/bootgen  -image C:/Vitis_projects/2022_1/test_hdmi_pattern/pattern_v2_system/Debug/sd_card_temp/boot.bif -w -o i BOOT.BIN
