21:07:32 **** Incremental Build of configuration Debug for project pattern_v2 ****
make all 
make --no-print-directory pre-build
a9-linaro-pre-build-step
' '
make --no-print-directory main-build
'Building file: ../src/main.c'
'Invoking: ARM v7 gcc compiler'
arm-none-eabi-gcc -Wall -O0 -g3 -c -fmessage-length=0 -MT"src/main.o" -mcpu=cortex-a9 -mfpu=vfpv3 -mfloat-abi=hard -IC:/Vitis_projects/2022_1/test_hdmi_pattern/design_1_wrapper/export/design_1_wrapper/sw/design_1_wrapper/standalone_ps7_cortexa9_0/bspinclude/include -MMD -MP -MF"src/main.d" -MT"src/main.o" -o "src/main.o" "../src/main.c"
../src/main.c:350:13: warning: 'DisableIntrSystem' defined but not used [-Wunused-function]
  350 | static void DisableIntrSystem(u16 ReadIntrId, u16 WriteIntrId)
      |             ^~~~~~~~~~~~~~~~~
../src/main.c:290:12: warning: 'SetupIntrSystem' defined but not used [-Wunused-function]
  290 | static int SetupIntrSystem(XAxiVdma *AxiVdmaPtr, u16 ReadIntrId, u16 WriteIntrId)
      |            ^~~~~~~~~~~~~~~
'Finished building: ../src/main.c'
' '
'Building target: pattern_v2.elf'
'Invoking: ARM v7 gcc linker'
arm-none-eabi-gcc -mcpu=cortex-a9 -mfpu=vfpv3 -mfloat-abi=hard -Wl,-build-id=none -specs=Xilinx.spec -Wl,-T -Wl,../src/lscript.ld -LC:/Vitis_projects/2022_1/test_hdmi_pattern/design_1_wrapper/export/design_1_wrapper/sw/design_1_wrapper/standalone_ps7_cortexa9_0/bsplib/lib -o "pattern_v2.elf"  ./src/main.o ./src/platform.o ./src/vdma_my_api.o   -Wl,--start-group,-lxil,-lgcc,-lc,--end-group
'Finished building target: pattern_v2.elf'
' '
'Invoking: ARM v7 Print Size'
arm-none-eabi-size pattern_v2.elf  |tee "pattern_v2.elf.size"
   text	   data	    bss	    dec	    hex	filename
  37402	   2056	  25504	  64962	   fdc2	pattern_v2.elf
'Finished building: pattern_v2.elf.size'
' '

21:07:32 Build Finished (took 590ms)

