Nothing to build in platform 'design_1_wrapper'

21:21:01 **** Incremental Build of configuration Debug for project test_2 ****
make all 
make --no-print-directory pre-build
a9-linaro-pre-build-step
' '
make --no-print-directory main-build
'Building file: ../src/helloworld.c'
'Invoking: ARM v7 gcc compiler'
arm-none-eabi-gcc -Wall -O0 -g3 -c -fmessage-length=0 -MT"src/helloworld.o" -mcpu=cortex-a9 -mfpu=vfpv3 -mfloat-abi=hard -IC:/Vitis_projects/2022_1/test_hdmi_pattern/test_hello/design_1_wrapper/export/design_1_wrapper/sw/design_1_wrapper/standalone_ps7_cortexa9_1/bspinclude/include -MMD -MP -MF"src/helloworld.d" -MT"src/helloworld.o" -o "src/helloworld.o" "../src/helloworld.c"
'Finished building: ../src/helloworld.c'
' '
'Building target: test_2.elf'
'Invoking: ARM v7 gcc linker'
arm-none-eabi-gcc -mcpu=cortex-a9 -mfpu=vfpv3 -mfloat-abi=hard -Wl,-build-id=none -specs=Xilinx.spec -Wl,-T -Wl,../src/lscript.ld -LC:/Vitis_projects/2022_1/test_hdmi_pattern/test_hello/design_1_wrapper/export/design_1_wrapper/sw/design_1_wrapper/standalone_ps7_cortexa9_1/bsplib/lib -o "test_2.elf"  ./src/helloworld.o ./src/platform.o   -Wl,--start-group,-lxil,-lgcc,-lc,--end-group
'Finished building target: test_2.elf'
' '
'Invoking: ARM v7 Print Size'
arm-none-eabi-size test_2.elf  |tee "test_2.elf.size"
   text	   data	    bss	    dec	    hex	filename
  21841	   1144	  22568	  45553	   b1f1	test_2.elf
'Finished building: test_2.elf.size'
' '
21:21:02 **** Incremental Build of configuration Debug for project test_2_system ****
make all 
Generating bif file for the system project
generate_system_bif.bat 55329 C:/Vitis_projects/2022_1/test_hdmi_pattern/test_hello/design_1_wrapper/export/design_1_wrapper/design_1_wrapper.xpfm standalone_ps7_cortexa9_1 C:/Vitis_projects/2022_1/test_hdmi_pattern/test_hello/test_2_system/Debug/system.bif
sdcard_gen --xpfm C:/Vitis_projects/2022_1/test_hdmi_pattern/test_hello/design_1_wrapper/export/design_1_wrapper/design_1_wrapper.xpfm --sys_config design_1_wrapper --bif C:/Vitis_projects/2022_1/test_hdmi_pattern/test_hello/test_2_system/Debug/system.bif --bitstream C:/Vitis_projects/2022_1/test_hdmi_pattern/test_hello/test_2/_ide/bitstream/design_1_wrapper.bit --elf C:/Vitis_projects/2022_1/test_hdmi_pattern/test_hello/test_2/Debug/test_2.elf,ps7_cortexa9_1
creating BOOT.BIN using C:/Vitis_projects/2022_1/test_hdmi_pattern/test_hello/test_2/_ide/bitstream/design_1_wrapper.bit
Running C:/Xilinx/Vitis/2022.1/bin/bootgen  -image C:/Vitis_projects/2022_1/test_hdmi_pattern/test_hello/test_2_system/Debug/sd_card_temp/boot.bif -w -o i BOOT.BIN
