19:37:31 **** Build of configuration Debug for project pattern_v2_2_core ****
make all 
make --no-print-directory pre-build
a9-linaro-pre-build-step
' '
make --no-print-directory main-build
'Building file: ../src/main.c'
'Invoking: ARM v7 gcc compiler'
arm-none-eabi-gcc -Wall -O0 -g3 -c -fmessage-length=0 -MT"src/main.o" -mcpu=cortex-a9 -mfpu=vfpv3 -mfloat-abi=hard -IC:/Vitis_projects/2022_1/test_hdmi_pattern/design_1_wrapper/export/design_1_wrapper/sw/design_1_wrapper/standalone_ps7_cortexa9_1/bspinclude/include -MMD -MP -MF"src/main.d" -MT"src/main.o" -o "src/main.o" "../src/main.c"
../src/main.c:346:13: warning: 'DisableIntrSystem' defined but not used [-Wunused-function]
  346 | static void DisableIntrSystem(u16 ReadIntrId, u16 WriteIntrId)
      |             ^~~~~~~~~~~~~~~~~
'Finished building: ../src/main.c'
' '
'Building file: ../src/platform.c'
'Invoking: ARM v7 gcc compiler'
arm-none-eabi-gcc -Wall -O0 -g3 -c -fmessage-length=0 -MT"src/platform.o" -mcpu=cortex-a9 -mfpu=vfpv3 -mfloat-abi=hard -IC:/Vitis_projects/2022_1/test_hdmi_pattern/design_1_wrapper/export/design_1_wrapper/sw/design_1_wrapper/standalone_ps7_cortexa9_1/bspinclude/include -MMD -MP -MF"src/platform.d" -MT"src/platform.o" -o "src/platform.o" "../src/platform.c"
'Finished building: ../src/platform.c'
' '
'Building file: ../src/vdma_my_api.c'
'Invoking: ARM v7 gcc compiler'
arm-none-eabi-gcc -Wall -O0 -g3 -c -fmessage-length=0 -MT"src/vdma_my_api.o" -mcpu=cortex-a9 -mfpu=vfpv3 -mfloat-abi=hard -IC:/Vitis_projects/2022_1/test_hdmi_pattern/design_1_wrapper/export/design_1_wrapper/sw/design_1_wrapper/standalone_ps7_cortexa9_1/bspinclude/include -MMD -MP -MF"src/vdma_my_api.d" -MT"src/vdma_my_api.o" -o "src/vdma_my_api.o" "../src/vdma_my_api.c"
'Finished building: ../src/vdma_my_api.c'
' '
'Building target: pattern_v2_2_core.elf'
'Invoking: ARM v7 gcc linker'
arm-none-eabi-gcc -mcpu=cortex-a9 -mfpu=vfpv3 -mfloat-abi=hard -Wl,-build-id=none -specs=Xilinx.spec -Wl,-T -Wl,../src/lscript.ld -LC:/Vitis_projects/2022_1/test_hdmi_pattern/design_1_wrapper/export/design_1_wrapper/sw/design_1_wrapper/standalone_ps7_cortexa9_1/bsplib/lib -o "pattern_v2_2_core.elf"  ./src/main.o ./src/platform.o ./src/vdma_my_api.o   -Wl,--start-group,-lxil,-lgcc,-lc,--end-group
'Finished building target: pattern_v2_2_core.elf'
' '
'Invoking: ARM v7 Print Size'
arm-none-eabi-size pattern_v2_2_core.elf  |tee "pattern_v2_2_core.elf.size"
   text	   data	    bss	    dec	    hex	filename
  47126	   2096	  25504	  74726	  123e6	pattern_v2_2_core.elf
'Finished building: pattern_v2_2_core.elf.size'
' '

19:37:32 Build Finished (took 1s.109ms)

