17:20:54 **** Incremental Build of configuration Debug for project xaxivdma_example_intr_1 ****
make all 
make --no-print-directory pre-build
a9-linaro-pre-build-step
' '
make --no-print-directory main-build
'Building file: ../src/xaxivdma_example_intr.c'
'Invoking: ARM v7 gcc compiler'
arm-none-eabi-gcc -Wall -O0 -g3 -c -fmessage-length=0 -MT"src/xaxivdma_example_intr.o" -mcpu=cortex-a9 -mfpu=vfpv3 -mfloat-abi=hard -IC:/Vitis_projects/2022_1/test_hdmi_pattern/design_1_wrapper/export/design_1_wrapper/sw/design_1_wrapper/standalone_ps7_cortexa9_0/bspinclude/include -MMD -MP -MF"src/xaxivdma_example_intr.d" -MT"src/xaxivdma_example_intr.o" -o "src/xaxivdma_example_intr.o" "../src/xaxivdma_example_intr.c"
../src/xaxivdma_example_intr.c:111:2: warning: #warning CHECK FOR THE VALID DDR ADDRESS IN XPARAMETERS.H, DEFAULT SET TO 0x01000000 [-Wcpp]
  111 | #warning CHECK FOR THE VALID DDR ADDRESS IN XPARAMETERS.H, \
      |  ^~~~~~~
'Finished building: ../src/xaxivdma_example_intr.c'
' '
'Building target: xaxivdma_example_intr_1.elf'
'Invoking: ARM v7 gcc linker'
arm-none-eabi-gcc -mcpu=cortex-a9 -mfpu=vfpv3 -mfloat-abi=hard -Wl,-build-id=none -specs=Xilinx.spec -Wl,-T -Wl,../src/lscript.ld -LC:/Vitis_projects/2022_1/test_hdmi_pattern/design_1_wrapper/export/design_1_wrapper/sw/design_1_wrapper/standalone_ps7_cortexa9_0/bsplib/lib -o "xaxivdma_example_intr_1.elf"  ./src/xaxivdma_example_intr.o   -Wl,--start-group,-lxil,-lgcc,-lc,--end-group
'Finished building target: xaxivdma_example_intr_1.elf'
' '
'Invoking: ARM v7 Print Size'
arm-none-eabi-size xaxivdma_example_intr_1.elf  |tee "xaxivdma_example_intr_1.elf.size"
   text	   data	    bss	    dec	    hex	filename
  40766	   2048	  25424	  68238	  10a8e	xaxivdma_example_intr_1.elf
'Finished building: xaxivdma_example_intr_1.elf.size'
' '

17:20:54 Build Finished (took 537ms)

